// Jest Snapshot v1, https://goo.gl/fbAQLP

exports[`renders correctly 1`] = `
<div
  className="calc_main_container"
>
  <h1
    className="calc_title_text"
  >
    Let's do some math!
  </h1>
  <div
    className="calc_container"
  >
    <div
      className="result"
    >
      <p
        data-testid="display"
      >
         
         
      </p>
    </div>
    <div
      className="calc-buttons"
    >
      <div
        className="left-btns-container"
      >
        <button
          className="left-btn"
          onClick={[Function]}
          type="button"
        >
          AC
        </button>
        <button
          className="left-btn"
          onClick={[Function]}
          type="button"
        >
          +/-
        </button>
        <button
          className="left-btn"
          onClick={[Function]}
          type="button"
        >
          %
        </button>
        <button
          className="left-btn"
          onClick={[Function]}
          type="button"
        >
          7
        </button>
        <button
          className="left-btn"
          onClick={[Function]}
          type="button"
        >
          8
        </button>
        <button
          className="left-btn"
          onClick={[Function]}
          type="button"
        >
          9
        </button>
        <button
          className="left-btn"
          onClick={[Function]}
          type="button"
        >
          4
        </button>
        <button
          className="left-btn"
          onClick={[Function]}
          type="button"
        >
          5
        </button>
        <button
          className="left-btn"
          onClick={[Function]}
          type="button"
        >
          6
        </button>
        <button
          className="left-btn"
          onClick={[Function]}
          type="button"
        >
          1
        </button>
        <button
          className="left-btn"
          onClick={[Function]}
          type="button"
        >
          2
        </button>
        <button
          className="left-btn"
          onClick={[Function]}
          type="button"
        >
          3
        </button>
        <button
          className="left-btn-cero"
          onClick={[Function]}
          type="button"
        >
          0
        </button>
        <button
          className="left-btn"
          onClick={[Function]}
          type="button"
        >
          .
        </button>
      </div>
      <div
        className="right-btns-container"
      >
        <button
          className="right-btn"
          onClick={[Function]}
          type="button"
        >
          รท
        </button>
        <button
          className="right-btn"
          onClick={[Function]}
          type="button"
        >
          x
        </button>
        <button
          className="right-btn"
          onClick={[Function]}
          type="button"
        >
          -
        </button>
        <button
          className="right-btn"
          onClick={[Function]}
          type="button"
        >
          +
        </button>
        <button
          className="right-btn"
          onClick={[Function]}
          type="button"
        >
          =
        </button>
      </div>
    </div>
  </div>
</div>
`;
