// Jest Snapshot v1, https://goo.gl/fbAQLP

exports[`renders correctly 1`] = `
<div
  className="quote_container"
>
  <p
    className="main_quote"
  >
    Mathematics is not about numbers, equations, computations, or algorithms: it is about understanding. - William Paul Thurston.
  </p>
</div>
`;
